1/225715 KB   
12/225715 KB   
123/225715 KB   
1/2 KB   
12/2 KB   
135/24 KB   
1/24 KB   
12/24 KB   
135/24 KB   
1/225715 B   
12/225715 B   
123/225715 B   
1/2 B   
12/2 B   
135/24 B   
1/24 B   
12/24 B   
135/24 B   
156992/225715 KB   
156994/225715 KB   
156996/225715 KB   
156998/225715 KB   
157000/225715 KB   
157002/225715 KB   
157004/225715 KB   
157006/225715 KB   
157008/225715 KB   
157010/225715 KB   
157012/225715 KB   
157014/225715 KB   
157016/225715 KB   
157018/225715 KB   
157020/225715 KB   
157022/225715 KB   
157024/225715 KB   
157026/225715 KB   
157028/225715 KB   
157030/225715 KB   
157032/225715 KB   
157034/225715 KB   
157036/225715 KB   
157038/225715 KB   
157040/225715 KB   
157042/225715 KB   
157044/225715 KB   
157046/225715 KB   
157048/225715 KB   
157050/225715 KB   
157052/225715 KB   
157054/225715 KB   
157056/225715 KB   
157058/225715 KB   
157060/225715 KB   
157062/225715 KB   
157064/225715 KB   
157066/225715 KB   
157068/225715 KB   
157070/225715 KB   
157072/225715 KB   
157074/225715 KB   
157076/225715 KB   
157078/225715 KB   
157080/225715 KB   
157082/225715 KB   
157084/225715 KB   
157086/225715 KB   

The log length has exceeded the limit of 4 Megabytes (this usually means that test suite is raising the same exception over and over).

The build has been terminated.
